// Jest Snapshot v1, https://goo.gl/fbAQLP

exports[`should render ExpensesSummary correctly with multi expenses data 1`] = `
<div>
  <h3>
    Viewing 
    2
     expense
    s
     totalling 
    $94.34
  </h3>
</div>
`;

exports[`should render ExpensesSummary correctly with single expense data 1`] = `
<div>
  <h3>
    Viewing 
    1
     expense
     totalling 
    $94.34
  </h3>
</div>
`;
